  Wed Jun 17 15:44:58 2009  for program dsretc

     CMT Solution for Sakhalin Island event
     Dip,Strike,Rake    356.00    52.00   126.00
     Dip,Strike,Rake     86.76    15.93   -92.35   Auxiliary Plane
     Lower Hem. Trend, Plunge of A,N    285.93     3.24   142.00    86.00
     Lower Hem. Trend & Plunge of B     16.07     2.35
     Lower Hem. Trend, Plunge of P,T    283.44    48.18   108.16    41.72
     MRR =-0.11  MTT = 0.03  MPP = 0.08  MRT =-0.27  MRP =-0.96  MTP = 0.06
     "A" angle with plane defined by vertical & B trend: 86.8
     "N" angle with plane defined by vertical & B trend:  3.2
                                           
                                           
                    #######                
               ##-----------###-           
             #-------------#######         
           #---------------#########       
         #-----------------###########     
        #-----------------#############    
        ------------------#############    
       #------   --------###############   
       ------- P --------###############   
       -------   -------################   
       -----------------#######   ######   
       ----------------######## T ######   
        --------------#########   #####    
        --------------#################    
         ------------#################     
           ----------###############       
             -------##############         
               ----#############           
                    #######                
                                           

     CMT Solution for Sakhalin Island event
     Dip,Strike,Rake     29.00   172.00  -151.00
     Dip,Strike,Rake     76.41    56.14   -64.14   Auxiliary Plane
     Lower Hem. Trend, Plunge of A,N    326.14    13.59    82.00    61.00
     Lower Hem. Trend & Plunge of B    229.63    25.09
     Lower Hem. Trend, Plunge of P,T    355.98    51.69   125.90    26.89
     MRR =-0.41  MTT =-0.11  MPP = 0.52  MRT =-0.72  MRP =-0.36  MTP = 0.35
     "A" angle with plane defined by vertical & B trend: 75.0
     "N" angle with plane defined by vertical & B trend: 15.0
                                           
                                           
                    #------                
               ###--------------           
             ###------------------         
           ####---------------------       
         #####-------   -------------#     
        #####-------- P ------------###    
        #####--------   ----------#####    
       #####--------------------########   
       #####------------------##########   
       #####----------------############   
       #####-------------###############   
       ######---------##################   
        #####------#############   ####    
        ######-################# T ####    
         #-----#################   ###     
           -----####################       
             -----################         
               ------###########           
                    -----##                
                                           

     CMT Solution for Sakhalin Island event
     Dip,Strike,Rake     76.30    56.13   -64.37
     Dip,Strike,Rake     28.84   172.40  -150.60   Auxiliary Plane
     Lower Hem. Trend, Plunge of A,N     82.40    61.16   326.13    13.70
     Lower Hem. Trend & Plunge of B    229.65    24.85
     Lower Hem. Trend, Plunge of P,T    356.00    52.00   126.00    27.00
     MRR =-0.41  MTT =-0.10  MPP = 0.52  MRT =-0.72  MRP =-0.36  MTP = 0.35
     "A" angle with plane defined by vertical & B trend: 15.1
     "N" angle with plane defined by vertical & B trend: 74.9
                                           
                                           
                    #------                
               ###--------------           
             ###------------------         
           ####---------------------       
         #####--------   ------------#     
        #####--------- P -----------###    
        ####----------   ---------#####    
       #####--------------------########   
       #####------------------##########   
       #####----------------############   
       #####-------------###############   
       ######----------#################   
        #####------#############   ####    
        ######-################# T ####    
         #-----#################   ###     
           -----####################       
             -----################         
               ------###########           
                    -----##                
                                           
