  Wed Jun 17 14:35:35 2009  for program FOCMEC
 Sakhalin:  Rel. weight: 8 BB stations + 189 NEIC P polarities (TOL in both)
 Input from a file focmec_all.inp
  12-MAY-90 Sakhalin :  NEIC first motions (11-JUNE-90) + 8 bb stations

 Statn  Azimuth  TOAng   Key  Log10 (S/P)  NumPol  DenTOAng  Comment
  YSS    164.2    154.9   D
  PET     63.0     91.6   C
  MAT    193.5     86.2   D
  TSRJ   200.0     81.7   D
  YONJ   207.3     79.1   D
  WKYJ   199.8     78.3   C
  SHK    208.6     77.3   C
  TKSJ   204.1     77.1   C
  SHNJ   212.2     75.6   C
  BJI    253.4     70.7   -
  TIK    349.7     65.8   D
  SSE    228.7     65.3   -
  IRK    292.1     65.3   D
  ILT     31.7     62.5   D
  LZH    259.3     60.3   D
  GUMO   175.0     57.3   C
  GUA    174.9     57.3   +
  BAG    215.5     56.6   C
  KMI    246.3     55.6   -
  DAV    203.6     52.5   C
  LOE    240.1     51.7   D
  CHG    244.3     51.3   D
  FRU    288.9     51.3   D
  NST    240.4     50.1   D
  DSH    287.5     47.3   D
  APA    332.5     47.2   D
  NDI    272.2     46.9   D
  DAG    354.6     46.2   C
  LAT    173.8     45.1   C
  PGC     51.1     43.5   C
  QUE    280.8     43.4   D
  PMG    173.9     43.4   C
  MCW     50.8     43.3   D
  OBN    319.6     43.1   D
  GMW     51.8     42.9   D
  HYB    261.5     42.7   D
  PNT     48.6     42.6   D
  BMW     52.9     42.6   C
  RMW     51.3     42.6   C
  EDM     42.2     42.4   D
  LON     52.0     42.3   D
  SHW     52.7     42.2   C
  DPW     49.1     41.6   D
  GDH      6.2     41.5   C
  NEW     48.3     41.4   C
  VGB     52.5     41.4   D
  POO    266.1     41.3   D
  BOM    267.2     41.0   D
  MTN    191.9     41.0   C
  SES     43.4     40.6   D
  FFC     35.6     40.3   D
  AKU    351.0     39.6   D
  BKR    305.0     39.6   D
  HRY     46.7     39.3   D
  ORV     57.8     39.2   D
  KNA    193.9     39.1   C
  LRM     47.7     39.1   D
  LCCM    47.4     38.9   D
  BGMT    47.9     38.7   D
  MEMT    47.0     38.6   -
  REY    352.3     38.6   D
  CMB     58.3     38.3   D
  SIM    312.8     38.2   D
  COP    331.7     38.1   C
  IMW     48.3     37.9   D
  PTI     49.9     37.9   D
  CTA    175.6     37.3   C
  WB5    187.6     37.3   C
  BCH     60.3     37.2   D
  CLI    317.8     37.2   C
  BW06    48.3     37.2   D
  QIS    182.3     37.1   C
  KRA    324.3     37.0   D
  DUG     52.1     37.0   D
  UZH    322.0     36.9   D
  CFR    316.4     36.9   D
  BRN    329.4     36.8   D
  VRI    317.7     36.8   D
  SPC    323.5     36.8   D
  DAU     51.0     36.7   D
  KSP    326.8     36.7   D
  TLB    316.0     36.6   C
  MLR    317.9     36.5   D
  RSSD    44.1     36.4   D
  CLL    328.9     36.3   D
  PSN    315.4     36.3   D
  BRG    328.1     36.3   D
  MSU     52.9     36.3   C
  CMP    318.3     36.2   C
  PRU    327.2     36.1   -
  WIT    333.2     36.0   D
  PEC     59.3     36.0   D
  SRO    323.8     35.9   D
  DRA    318.3     35.8   D
  MOX    329.3     35.8   D
  EKA    339.9     35.8   -
  GZR    319.7     35.8   D
  ZST    324.7     35.8   D
  VKA    325.2     35.7   D
  WTS    332.7     35.6   D
  BZS    320.5     35.6   C
  TIM    320.8     35.6   D
  KHC    327.3     35.5   D
  MBL    201.5     35.5   C
  PVL    316.7     35.5   D
  JMB    315.5     35.5   D
  DBN    333.7     35.5   D
  GRF    329.0     35.4   -
  UDU    141.7     35.3   -
  KMR    326.4     35.2   D
  NDE    142.5     35.2   C
  DIM    315.9     35.1   D
  GOL     47.9     35.1   D
  GLD     47.8     35.1   D
  ENN    332.6     35.0   D
  PGB    317.0     35.0   D
  SCH     16.8     35.0   D
  MEM    332.5     35.0   D
  PLD    316.4     35.0   D
  KRO    142.8     34.9   C
  BHG    326.9     34.9   D
  VTS    317.6     34.9   D
  UCC    333.5     34.9   D
  RZN    316.1     34.9   D
  FUR    328.1     34.8   D
  VUN    143.9     34.8   C
  PTJ    324.0     34.7   D
  DOU    333.1     34.6   D
  KKB    317.3     34.6   D
  SQTA   327.6     34.5   D
  QLP    177.8     34.4   C
  SKO    318.4     34.3   D
  VAY    317.3     34.3   D
  RMO     28.0     31.0   C
  SLE    329.6     34.3   D
  ADI    303.8     34.3   D
  SAX    328.8     34.2   D
  ZLA    329.5     34.2   D
  OSS    328.0     34.1   D
  MML    303.3     34.1   D
  LLS    328.8     34.0   D
  VDL    328.3     33.9   D
  OHR    318.2     33.9   D
  BRS    170.1     33.7   D
  TMA    328.5     33.6   D
  MMK    329.0     33.4   D
  DIX    329.4     33.3   D
  EMS    329.7     33.1   D
  PRNI   302.1     33.0   D
  MEKA   201.3     32.7   C
  MBH    301.9     32.7   D
  HLW    304.3     31.7   D
  MEO     46.5     31.4   D
  CMS    176.6     31.6   C
  FORR   192.0     31.5   C
  CBM     20.3     31.4   C
  MRWA   202.7     31.2   C
  COOL   197.9     31.0   C
  ETER   330.6     30.9   D
  BAL    201.7     30.8   C
  RIV    172.2     30.6   D
  ECRI   334.4     30.1   D
  ADE    182.6     30.1   C
  MUN    201.7     30.0   C
  EMON   338.0     29.9   D
  KCHT   323.3     29.8   D
  CNB    173.9     29.8   D
  SBS    322.9     29.8   D
  ESEL   329.5     29.7   D
  NWAO   200.6     29.6   C
  ZGN    322.8     29.6   D
  STS    338.6     29.5   D
  ERUA   337.5     29.5   D
  ETOR   333.4     29.5   D
  RSCP    37.0     29.2   D
  GUD    334.8     29.2   D
  ECHE   332.1     29.2   D
  TOO    177.1     29.1   C
  ACU    331.3     29.0   D
  EPLA   335.9     28.9   D
  EVIA   332.8     28.9   D
  ARO    284.3     28.9   D
  EALH   331.7     28.8   D
  EBAN   333.6     28.8   D
  JSC     34.5     28.8   C
  ENIJ   332.0     28.8   D
  EHOR   334.5     28.8   D
  AFC    333.1     28.8   D
  LIS    337.7     28.7   D
  EVAL   335.6     28.6   D
  EPRU   334.2     28.6   D
  EJIF   334.2     28.5   D
  CFTV   338.6     27.1   D
  BUL    273.6     11.1   C
  SBA    173.6     11.0   C
  ARE     51.6     10.6   C
  SPA    180.0     10.5   C
  LPB     47.5     10.4   C
  BLA     32.6     28.0   D
  BLA     32.6     30.7   R
  BLA     32.6     30.7   F
  BLA     32.6     30.7   H      0.7262 SH    R      28.01 84,15.2
  BLA     32.6     30.7   S     -0.6994 SS    F      30.70 1.04,5.56
  CCM     39.7     30.5   D
  CCM     39.7     33.0   R
  CCM     39.7     33.0   B
  CCM     39.7     33.0   H      0.4788 SH    R      30.53 53.5,17
  CCM     39.7     33.0   V     -0.1166 SV    B      30.53 12.6,17
  COR     54.7     40.8   D
  COR     54.7     42.4   R
  COR     54.7     42.4   B
  COR     54.7     42.4   H      1.1068 SH    R      40.78 208,15.1
  COR     54.7     42.4   V      0.6071 SV    B      40.78 58.8,15.1
  HRV     24.2     29.2   D
  HRV     24.2     31.7   R
  HRV     24.2     31.7   B
  HRV     24.2     31.7   H      0.4384 SH    R      29.16 60,21
  HRV     24.2     31.7   S     -0.4524 SS    B      31.69 2.6,7.9
  KEV    336.5     45.2   D
  KEV    336.5     46.3   L
  KEV    336.5     46.3   B
  KEV    336.5     46.3   H     -0.0114 SH    L      45.23 41.5,39
  KEV    336.5     46.3   V     -0.0427 SV    B      45.23 34,39
  KIP     97.8     44.1   C
  KIP     97.8     45.3   R
  KIP     97.8     45.3   B
  KIP     97.8     45.3   H      0.6294 SH    R      44.09 102,22
  KIP     97.8     45.3   V      0.5496 SV    B      44.09 75,22
  PAS     59.8     35.7   D
  PAS     59.8     37.8   R
  PAS     59.8     37.8   B
  PAS     59.8     37.8   H      0.8053 SH    R      35.69 74.5,11
  PAS     59.8     37.8   V      0.3358 SV    B      35.69 23,11
  TOL    334.5     28.0   D
  TOL    334.5     30.6   L
  TOL    334.5     30.6   B
  TOL    334.5     30.6   H     -0.0374 SH    L      27.95 20,21
  TOL    334.5     30.6   V      0.2085 SV    B      27.95 33,21
 197 P Pol.  8 SV Pol.  8 SH Pol. 15.0 allowed (weighted) errors
Threshold = 0.10
 Input 16 ratios  0 allowed errors, maximum error of 0.50    VP/VS = 1.830
For ratios,  0.050 = P radiation cutoff  0.150 = S radiation cutoff
 The minimum, increment and maximum B axis trend are     0.00    5.00  355.00
 The limits for the B axis plunge are     0.00    5.00   90.00
 The limits for the angle of the A axis are     0.00    5.00   85.00
 R Ac/Al is number of acceptable ratios / allowed
 RMS Err is the RMS of acceptable obs-calc ratios
 RMS Err (all) is the RMS of all obs-calc ratios
 ++++++++++++++++++++++++++++++++++++++++++++++++++++++++++++++++++++++++++++

     Dip,Strike,Rake     75.92    58.18   -69.35
     Dip,Strike,Rake     24.81   181.02  -144.58   Auxiliary Plane
     Lower Hem. Trend, Plunge of A,N     91.02    65.19   328.18    14.08
     Lower Hem. Trend & Plunge of B    232.94    20.00
     Lower Hem. Trend, Plunge of P,T    353.58    54.47   131.77    28.02
     MRR =-0.44  MTT = 0.01  MPP = 0.43  MRT =-0.75  MRP =-0.36  MTP = 0.35
A angle with plane defined by vertical & B trend: 15.0

 P Polarity error at  DAG  PGC  BMW  RMW  SHW  GDH  NEW  COP  CLI  TLB  MSU 
 P Polarity weights:  0.95 0.45 0.43 0.46 0.43 0.97 0.52 0.93 0.85 0.84 0.46
                      CMP  BZS  RMO  BRS  CBM  RIV  CNB  JSC  BUL  SBA  ARE 
                      0.86 0.88 0.81 0.47 0.88 0.39 0.36 0.73 0.56 0.13 0.49
                      SPA  LPB 
                      0.16 0.52
  Total P polarity weight is 14.515

 SV Polarity error at  CCM  HRV  TOL 
 SV Polarity weights:  0.10 0.12 0.10
  Total SV polarity weight is  0.321

          Log10(Ratio)                              Ratio     S Polarity
     Observed  Calculated    Difference  Station     Type     Obs.  Calc. Flag
      0.7262      0.7251       0.0011      BLA        SH       R      R       
     -0.6994     -0.6233      -0.0761      BLA        SS       F      F    NUM
      0.4788      0.8210      -0.3422      CCM        SH       R      R       
     -0.1166      0.1382      -0.2548      CCM        SV       B      F    NUM
      1.1068      1.0953       0.0115      COR        SH       R      R       
      0.6071      0.4576       0.1495      COR        SV       B      B       
      0.4384      0.5822      -0.1438      HRV        SH       R      R       
     -0.4524     -0.5243       0.0719      HRV        SS       B      F    NUM
     -0.0114      0.2459      -0.2573      KEV        SH       L      L       
     -0.0427      0.4560      -0.4987      KEV        SV       B      B       
      0.6294      0.9431      -0.3137      KIP        SH       R      R       
      0.5496      0.7879      -0.2383      KIP        SV       B      B       
      0.8053      1.1957      -0.3904      PAS        SH       R      R       
      0.3358      0.5770      -0.2412      PAS        SV       B      B       
     -0.0374      0.0509      -0.0883      TOL        SH       L      L       
      0.2085     -0.0151       0.2236      TOL        SV       B      F    NUM

 The RMS log amplitude ratio error for all 16 allowed solutions is  0.247
 The error for 16 acceptable solutions is 0.247

 +++++++++++++++++++++++++++++++++++++++++++++++++++++++++++++++++++++++++++++

     Dip,Strike,Rake     80.61    61.69   -69.72
     Dip,Strike,Rake     22.27   175.51  -154.49   Auxiliary Plane
     Lower Hem. Trend, Plunge of A,N     85.51    67.73   331.69     9.39
     Lower Hem. Trend & Plunge of B    238.24    20.00
     Lower Hem. Trend, Plunge of P,T    354.27    50.33   134.77    32.61
     MRR =-0.30  MTT =-0.05  MPP = 0.35  MRT =-0.81  MRP =-0.37  MTP = 0.31
A angle with plane defined by vertical & B trend: 10.0

 P Polarity error at  DAG  PGC  BMW  RMW  SHW  GDH  NEW  COP  CLI  TLB  MSU 
 P Polarity weights:  0.98 0.43 0.40 0.43 0.40 0.98 0.49 0.93 0.85 0.84 0.41
                      CMP  BZS  RMO  BRS  CBM  RIV  CNB  JSC  BUL  ARE  SPA 
                      0.85 0.87 0.76 0.61 0.84 0.53 0.50 0.67 0.44 0.37 0.10
                      LPB 
                      0.39
  Total P polarity weight is 14.065

 SV Polarity error at  CCM  HRV  TOL 
 SV Polarity weights:  0.11 0.22 0.18
  Total SV polarity weight is  0.511

          Log10(Ratio)                              Ratio     S Polarity
     Observed  Calculated    Difference  Station     Type     Obs.  Calc. Flag
      0.7262      0.7893      -0.0631      BLA        SH       R      R       
     -0.6994     -0.5392      -0.1602      BLA        SS       F      F       
      0.4788      0.8842      -0.4054      CCM        SH       R      R       
     -0.1166      0.1776      -0.2942      CCM        SV       B      F    NUM
      1.1068      1.1512      -0.0444      COR        SH       R      R       
      0.6071      0.3954       0.2117      COR        SV       B      B    NUM
      0.4384      0.6416      -0.2032      HRV        SH       R      R       
     -0.4524     -0.3810      -0.0714      HRV        SS       B      F       
     -0.0114      0.2124      -0.2238      KEV        SH       L      L       
     -0.0427      0.2958      -0.3385      KEV        SV       B      B       
      0.6294      0.9145      -0.2851      KIP        SH       R      R       
      0.5496      0.6311      -0.0815      KIP        SV       B      B       
      0.8053      1.2891      -0.4838      PAS        SH       R      R       
      0.3358      0.5048      -0.1690      PAS        SV       B      B    NUM
     -0.0374      0.0782      -0.1156      TOL        SH       L      L       
      0.2085      0.1697       0.0388      TOL        SV       B      F       

 The RMS log amplitude ratio error for all 16 allowed solutions is  0.238
 The error for 16 acceptable solutions is 0.238

 +++++++++++++++++++++++++++++++++++++++++++++++++++++++++++++++++++++++++++++

     Dip,Strike,Rake     80.95    62.42   -64.66
     Dip,Strike,Rake     26.81   170.80  -159.58   Auxiliary Plane
     Lower Hem. Trend, Plunge of A,N     80.80    63.19   332.42     9.05
     Lower Hem. Trend & Plunge of B    238.15    25.00
     Lower Hem. Trend, Plunge of P,T    359.27    47.94   131.67    31.32
     MRR =-0.28  MTT =-0.13  MPP = 0.41  MRT =-0.79  MRP =-0.34  MTP = 0.36
A angle with plane defined by vertical & B trend: 10.0

 P Polarity error at  WKYJ SHK  TKSJ SHNJ DAG  PGC  BMW  RMW  SHW  GDH  NEW 
 P Polarity weights:  0.10 0.10 0.10 0.10 0.98 0.45 0.42 0.45 0.43 0.99 0.51
                      COP  CLI  TLB  MSU  CMP  BZS  RMO  BRS  CBM  RIV  CNB 
                      0.90 0.79 0.78 0.43 0.80 0.82 0.76 0.58 0.84 0.51 0.49
                      JSC  BUL  ARE  LPB 
                      0.67 0.40 0.36 0.38
  Total P polarity weight is 14.145

 SV Polarity error at  CCM  HRV  TOL 
 SV Polarity weights:  0.15 0.27 0.18
  Total SV polarity weight is  0.603

          Log10(Ratio)                              Ratio     S Polarity
     Observed  Calculated    Difference  Station     Type     Obs.  Calc. Flag
      0.7262      0.7782      -0.0520      BLA        SH       R      R       
     -0.6994     -0.4419      -0.2575      BLA        SS       F      F       
      0.4788      0.8764      -0.3976      CCM        SH       R      R       
     -0.1166      0.1811      -0.2977      CCM        SV       B      F       
      1.1068      1.1425      -0.0357      COR        SH       R      R       
      0.6071      0.3746       0.2325      COR        SV       B      B    NUM
      0.4384      0.6219      -0.1835      HRV        SH       R      R       
     -0.4524     -0.2815      -0.1709      HRV        SS       B      F       
     -0.0114      0.3358      -0.3472      KEV        SH       L      L       
     -0.0427      0.2735      -0.3162      KEV        SV       B      B       
      0.6294      0.9146      -0.2852      KIP        SH       R      R       
      0.5496      0.6485      -0.0989      KIP        SV       B      B       
      0.8053      1.2820      -0.4767      PAS        SH       R      R       
      0.3358      0.4884      -0.1526      PAS        SV       B      B    NUM
     -0.0374      0.2150      -0.2524      TOL        SH       L      L       
      0.2085      0.1905       0.0180      TOL        SV       B      F       

 The RMS log amplitude ratio error for all 16 allowed solutions is  0.257
 The error for 16 acceptable solutions is 0.257

 +++++++++++++++++++++++++++++++++++++++++++++++++++++++++++++++++++++++++++++

     Dip,Strike,Rake     72.77    50.96   -58.43
     Dip,Strike,Rake     35.53   166.70  -149.36   Auxiliary Plane
     Lower Hem. Trend, Plunge of A,N     76.70    54.47   320.96    17.23
     Lower Hem. Trend & Plunge of B    220.65    30.00
     Lower Hem. Trend, Plunge of P,T    357.64    51.71   117.52    21.47
     MRR =-0.48  MTT =-0.20  MPP = 0.68  MRT =-0.64  MRP =-0.32  MTP = 0.34
A angle with plane defined by vertical & B trend: 20.0

 P Polarity error at  WKYJ SHK  TKSJ SHNJ IRK  LZH  DAG  PGC  BMW  RMW  SHW 
 P Polarity weights:  0.12 0.12 0.11 0.10 0.16 0.11 0.97 0.41 0.38 0.41 0.38
                      GDH  NEW  COP  CLI  TLB  MSU  CMP  BZS  RMO  BRS  CBM 
                      0.99 0.48 0.89 0.78 0.77 0.43 0.79 0.82 0.80 0.28 0.87
                      MRWA BAL  RIV  MUN  CNB  NWAO JSC  BUL  SBA  ARE  SPA 
                      LPB 
                      0.10 0.10 0.22 0.10 0.19 0.10 0.72 0.57 0.22 0.52 0.24
                      0.54
  Total P polarity weight is 14.763

 SV Polarity error at  HRV  TOL 
 SV Polarity weights:  0.12 0.10
  Total SV polarity weight is  0.224

          Log10(Ratio)                              Ratio     S Polarity
     Observed  Calculated    Difference  Station     Type     Obs.  Calc. Flag
      0.7262      0.7439      -0.0177      BLA        SH       R      R       
     -0.6994     -0.6452      -0.0542      BLA        SS       F      F    NUM
      0.4788      0.8494      -0.3706      CCM        SH       R      R       
     -0.1166      0.1472      -0.2638      CCM        SV       B      B    NUM
      1.1068      1.1810      -0.0742      COR        SH       R      R       
      0.6071      0.6585      -0.0514      COR        SV       B      B       
      0.4384      0.6004      -0.1620      HRV        SH       R      R       
     -0.4524     -0.5474       0.0950      HRV        SS       B      F    NUM
     -0.0114      0.4133      -0.4247      KEV        SH       L      L       
     -0.0427      0.4038      -0.4465      KEV        SV       B      B       
      0.6294      0.8246      -0.1952      KIP        SH       R      R       
      0.5496      0.8610      -0.3114      KIP        SV       B      B       
      0.8053      1.2595      -0.4542      PAS        SH       R      R       
      0.3358      0.7844      -0.4486      PAS        SV       B      B       
     -0.0374      0.2182      -0.2556      TOL        SH       L      L       
      0.2085     -0.0011       0.2096      TOL        SV       B      F    NUM

 The RMS log amplitude ratio error for all 16 allowed solutions is  0.283
 The error for 16 acceptable solutions is 0.283

 +++++++++++++++++++++++++++++++++++++++++++++++++++++++++++++++++++++++++++++

     Dip,Strike,Rake     81.35    63.10   -59.62
     Dip,Strike,Rake     31.47   167.49  -163.26   Auxiliary Plane
     Lower Hem. Trend, Plunge of A,N     77.49    58.53   333.10     8.65
     Lower Hem. Trend & Plunge of B    238.06    30.00
     Lower Hem. Trend, Plunge of P,T      3.59    45.19   128.77    29.78
     MRR =-0.26  MTT =-0.20  MPP = 0.46  MRT =-0.77  MRP =-0.30  MTP = 0.40
A angle with plane defined by vertical & B trend: 10.0

 P Polarity error at  WKYJ SHK  TKSJ SHNJ IRK  LZH  DAG  PGC  BMW  RMW  SHW 
 P Polarity weights:  0.13 0.15 0.13 0.13 0.10 0.10 0.98 0.47 0.43 0.47 0.44
                      GDH  NEW  COP  CLI  TLB  MSU  CMP  BZS  RMO  BRS  CBM 
                      0.99 0.53 0.85 0.73 0.71 0.44 0.74 0.76 0.76 0.56 0.84
                      RIV  CNB  JSC  BUL  ARE  LPB 
                      0.49 0.47 0.67 0.36 0.34 0.36
  Total P polarity weight is 14.124

 SV Polarity error at  CCM  HRV  TOL 
 SV Polarity weights:  0.19 0.32 0.18
  Total SV polarity weight is  0.692

          Log10(Ratio)                              Ratio     S Polarity
     Observed  Calculated    Difference  Station     Type     Obs.  Calc. Flag
      0.7262      0.7687      -0.0425      BLA        SH       R      R       
     -0.6994     -0.3591      -0.3403      BLA        SS       F      F       
      0.4788      0.8706      -0.3918      CCM        SH       R      R       
     -0.1166      0.2818      -0.3984      CCM        SV       B      F       
      1.1068      1.1369      -0.0301      COR        SH       R      R       
      0.6071      0.3604       0.2467      COR        SV       B      B    NUM
      0.4384      0.6029      -0.1645      HRV        SH       R      R       
     -0.4524     -0.1936      -0.2588      HRV        SS       B      F       
     -0.0114      0.4372      -0.4486      KEV        SH       L      L       
     -0.0427      0.2499      -0.2926      KEV        SV       B      B       
      0.6294      0.9130      -0.2836      KIP        SH       R      R       
      0.5496      0.6618      -0.1122      KIP        SV       B      B       
      0.8053      1.2790      -0.4737      PAS        SH       R      R       
      0.3358      0.4794      -0.1436      PAS        SV       B      B    NUM
     -0.0374      0.3249      -0.3623      TOL        SH       L      L       
      0.2085      0.2123      -0.0038      TOL        SV       B      F       

 The RMS log amplitude ratio error for all 16 allowed solutions is  0.290
 The error for 16 acceptable solutions is 0.290

 +++++++++++++++++++++++++++++++++++++++++++++++++++++++++++++++++++++++++++++


 There are   5 acceptable solutions
